[      74ms] [INFO] %cDownload the React DevTools for a better development experience: https://react.dev/link/react-devtools font-weight:bold @ http://localhost:8899/preview.js:21373
[      89ms] [ERROR] The result of getSnapshot should be cached to avoid an infinite loop @ http://localhost:8899/preview.js:7272
[     304ms] [ERROR] %o

%s

%s
 Error: Maximum update depth exceeded. This can happen when a component repeatedly calls setState inside componentWillUpdate or componentDidUpdate. React limits the number of nested updates to prevent infinite loops.
    at getRootForUpdatedFiber (http://localhost:8899/preview.js:4797:130)
    at enqueueConcurrentRenderForLane (http://localhost:8899/preview.js:4785:18)
    at forceStoreRerender (http://localhost:8899/preview.js:7375:23)
    at updateStoreInstance (http://localhost:8899/preview.js:7357:43)
    at Object.react_stack_bottom_frame (http://localhost:8899/preview.js:19838:22)
    at runWithFiberInDEV (http://localhost:8899/preview.js:2268:74)
    at commitHookEffectListMount (http://localhost:8899/preview.js:10682:165)
    at commitHookPassiveMountEffects (http://localhost:8899/preview.js:10736:62)
    at commitPassiveMountOnFiber (http://localhost:8899/preview.js:12311:31)
    at recursivelyTraversePassiveMountEffects (http://localhost:8899/preview.js:12281:15) The above error occurred in the <NodeRenderer> component. React will try to recreate this component tree from scratch using the error boundary you provided, NodeErrorBoundary. @ http://localhost:8899/preview.js:8271
[     314ms] [ERROR] %o

%s

%s
 Error: Maximum update depth exceeded. This can happen when a component repeatedly calls setState inside componentWillUpdate or componentDidUpdate. React limits the number of nested updates to prevent infinite loops.
    at getRootForUpdatedFiber (http://localhost:8899/preview.js:4797:130)
    at enqueueConcurrentRenderForLane (http://localhost:8899/preview.js:4785:18)
    at forceStoreRerender (http://localhost:8899/preview.js:7375:23)
    at updateStoreInstance (http://localhost:8899/preview.js:7357:43)
    at Object.react_stack_bottom_frame (http://localhost:8899/preview.js:19838:22)
    at runWithFiberInDEV (http://localhost:8899/preview.js:2268:74)
    at commitHookEffectListMount (http://localhost:8899/preview.js:10682:165)
    at commitHookPassiveMountEffects (http://localhost:8899/preview.js:10736:62)
    at commitPassiveMountOnFiber (http://localhost:8899/preview.js:12311:31)
    at recursivelyTraversePassiveMountEffects (http://localhost:8899/preview.js:12281:15) The above error occurred in the <NodeRenderer> component. React will try to recreate this component tree from scratch using the error boundary you provided, RuntimeFatalBoundary. @ http://localhost:8899/preview.js:8271
[     329ms] [ERROR] Failed to load resource: the server responded with a status of 404 (File not found) @ http://localhost:8899/favicon.ico:0
